#-----------------------------------------------------------
# Vivado v2024.1 (64-bit)
# SW Build 5076996 on Wed May 22 18:37:14 MDT 2024
# IP Build 5075265 on Wed May 22 21:45:21 MDT 2024
# SharedData Build 5076995 on Wed May 22 18:29:18 MDT 2024
# Start of session at: Sun Apr 13 02:48:03 2025
# Process ID: 17612
# Current directory: C:/Users/jojok/Desktop/university/Project/netlistCHSplit/ip/ChannelSplit/src
# Command line: vivado.exe -mode batch -source ProjectGeneration.tcl -notrace
# Log file: C:/Users/jojok/Desktop/university/Project/netlistCHSplit/ip/ChannelSplit/src/vivado.log
# Journal file: C:/Users/jojok/Desktop/university/Project/netlistCHSplit/ip/ChannelSplit/src\vivado.jou
# Running On        :DESKTOP-A4M58OC
# Platform          :Windows Server 2016 or Windows 10
# Operating System  :19045
# Processor Detail  :Intel(R) Core(TM) i5-6500 CPU @ 3.20GHz
# CPU Frequency     :3192 MHz
# CPU Physical cores:4
# CPU Logical cores :4
# Host memory       :17133 MB
# Swap memory       :26843 MB
# Total Virtual     :43976 MB
# Available Virtual :12534 MB
#-----------------------------------------------------------
source ProjectGeneration.tcl -notrace
